// Jest Snapshot v1, https://goo.gl/fbAQLP

exports[`EditorPage renders correctly 1`] = `
<div
  className="App"
>
  <div
    className="header-container"
  >
    <div
      className="menu-bar"
    >
      <div
        className="left-icons"
      >
        <div
          className="profile-icon"
        >
          P
        </div>
         
        <span
          className="pipe-separator"
        />
        <div
          className="clock-icon"
        >
           
          <svg
            fill="none"
            height="1em"
            stroke="currentColor"
            strokeLinecap="round"
            strokeLinejoin="round"
            strokeWidth="2"
            style={
              Object {
                "color": "#8f8f8f",
                "fontSize": "16px",
              }
            }
            viewBox="0 0 24 24"
            width="1em"
            xmlns="http://www.w3.org/2000/svg"
          >
            <circle
              cx="12"
              cy="12"
              r="10"
            />
            <polyline
              points="12 6 12 12 16 14"
            />
          </svg>
           0min
        </div>
        <span
          className="pipe-separator"
        />
        <div
          className="rabbit-container"
        >
          <img
            alt="rabbit"
            className="rabbit-icon"
            src="rabbit.png"
          />
        </div>
        <span
          className="pipe-separator arrow"
        />
        <div
          className="arrow-icon"
        >
          <svg
            fill="none"
            height="1em"
            stroke="currentColor"
            strokeLinecap="round"
            strokeLinejoin="round"
            strokeWidth="2"
            style={
              Object {
                "color": "#8f8f8f",
                "fontSize": "18px",
              }
            }
            viewBox="0 0 24 24"
            width="1em"
            xmlns="http://www.w3.org/2000/svg"
          >
            <line
              x1="17"
              x2="7"
              y1="7"
              y2="17"
            />
            <polyline
              points="17 17 7 17 7 7"
            />
          </svg>
          0
        </div>
      </div>
      <div
        className="right-icons"
      >
        <div
          className="check-icon"
        >
          <svg
            fill="none"
            height="1em"
            stroke="currentColor"
            strokeLinecap="round"
            strokeLinejoin="round"
            strokeWidth="2"
            style={
              Object {
                "color": "#8f8f8f",
                "fontSize": "18px",
              }
            }
            viewBox="0 0 24 24"
            width="1em"
            xmlns="http://www.w3.org/2000/svg"
          >
            <path
              d="M22 11.08V12a10 10 0 1 1-5.93-9.14"
            />
            <polyline
              points="22 4 12 14.01 9 11.01"
            />
          </svg>
        </div>
        <div
          className="cloud-icon"
        >
          <svg
            fill="none"
            height="1em"
            stroke="currentColor"
            strokeLinecap="round"
            strokeLinejoin="round"
            strokeWidth="2"
            style={
              Object {
                "color": "#529d78",
                "fontSize": "18px",
              }
            }
            viewBox="0 0 24 24"
            width="1em"
            xmlns="http://www.w3.org/2000/svg"
          >
            <path
              d="M18 10h-1.26A8 8 0 1 0 9 20h9a5 5 0 0 0 0-10z"
            />
          </svg>
        </div>
        <div
          className="dots-icon"
        >
          <svg
            fill="currentColor"
            height="1em"
            stroke="currentColor"
            strokeWidth="0"
            style={
              Object {
                "color": "#000",
                "fontSize": "20px",
              }
            }
            viewBox="0 0 20 20"
            width="1em"
            xmlns="http://www.w3.org/2000/svg"
          >
            <path
              d="M10 6a2 2 0 110-4 2 2 0 010 4zM10 12a2 2 0 110-4 2 2 0 010 4zM10 18a2 2 0 110-4 2 2 0 010 4z"
            />
          </svg>
        </div>
      </div>
    </div>
    <h1
      className="heading"
    >
      Front-end developer test project
    </h1>
    <hr
      className="underline"
    />
    <p
      className="instruction"
    >
      Hey there! 👋 You can add content below. Type / then 1 to create H1 text. Hit 'Return or Enter' after typing in your text.
    </p>
  </div>
</div>
`;
